{"timestamp":"2026-05-01T10:00:00Z","agent_name":"alice","agent_type":"claude","agent_family":"anthropic","parent_name":"weave","session_id":"s1","branch":"main","model":"sonnet","input_tokens":1000,"output_tokens":100,"cache_read_input_tokens":50,"cache_creation_input_tokens":20,"total_cost_usd":0.01}
{"timestamp":"2026-05-01T11:00:00Z","agent_name":"alice","agent_type":"claude","agent_family":"anthropic","parent_name":"weave","session_id":"s1","branch":"main","model":"sonnet","input_tokens":2000,"output_tokens":200,"cache_read_input_tokens":60,"cache_creation_input_tokens":30,"total_cost_usd":0.02}
{"timestamp":"2026-05-02T10:00:00Z","agent_name":"alice","agent_type":"claude","agent_family":"anthropic","parent_name":"weave","session_id":"s2","branch":"main","model":"opus","input_tokens":500,"output_tokens":50,"cache_read_input_tokens":10,"cache_creation_input_tokens":5,"total_cost_usd":0.05}
{"timestamp":"2026-05-02T12:00:00Z","agent_name":"bob","agent_type":"claude","agent_family":"anthropic","parent_name":"weave","session_id":"s1","branch":"main","model":"sonnet","input_tokens":300,"output_tokens":30,"cache_read_input_tokens":5,"cache_creation_input_tokens":2,"total_cost_usd":0.003}
